M5-FITS/processed/v1/data_train_WI_2_HOBBIES_2.csv
,d,sales,tm_w_end,tm_dw,tm_wm,tm_m,tm_w,sell_price,snap_count,is_event,date
1803,1804,22.0,0,2,1,1,1,2.5758672,3,0,2016-01-06
1804,1805,27.0,0,3,1,1,1,2.5758672,2,1,2016-01-07
1805,1806,34.0,0,4,2,1,1,2.5758672,2,0,2016-01-08
1806,1807,19.0,1,5,2,1,1,2.5758672,3,0,2016-01-09
1807,1808,13.0,1,6,2,1,1,2.5758672,1,0,2016-01-10
1808,1809,10.0,0,0,2,1,2,2.5758672,2,0,2016-01-11
1809,1810,14.0,0,1,2,1,2,2.5758672,2,0,2016-01-12
1810,1811,16.0,0,2,2,1,2,2.5758672,1,0,2016-01-13
1811,1812,12.0,0,3,2,1,2,2.5758672,1,0,2016-01-14
1812,1813,19.0,0,4,3,1,2,2.5758672,2,0,2016-01-15
1813,1814,25.0,1,5,3,1,2,2.5758672,0,0,2016-01-16
1814,1815,12.0,1,6,3,1,2,2.5758672,0,0,2016-01-17
1815,1816,20.0,0,0,3,1,3,2.5758672,0,1,2016-01-18
1816,1817,15.0,0,1,3,1,3,2.5758672,0,0,2016-01-19
1817,1818,23.0,0,2,3,1,3,2.5758672,0,0,2016-01-20
1818,1819,25.0,0,3,3,1,3,2.5758672,0,0,2016-01-21
1819,1820,35.0,0,4,4,1,3,2.5758672,0,0,2016-01-22
1820,1821,38.0,1,5,4,1,3,2.5758672,0,0,2016-01-23
1821,1822,27.0,1,6,4,1,3,2.5758672,0,0,2016-01-24
1822,1823,32.0,0,0,4,1,4,2.5758672,0,0,2016-01-25
1823,1824,20.0,0,1,4,1,4,2.5758672,0,0,2016-01-26
1824,1825,21.0,0,2,4,1,4,2.5758672,0,0,2016-01-27
1825,1826,24.0,0,3,4,1,4,2.5758672,0,0,2016-01-28
1826,1827,38.0,0,4,5,1,4,2.5758672,0,0,2016-01-29
1827,1828,40.0,1,5,5,1,4,2.5758672,0,0,2016-01-30
1828,1829,30.0,1,6,5,1,4,2.5758672,0,0,2016-01-31
1829,1830,51.0,0,0,1,2,5,2.5758672,2,0,2016-02-01
1830,1831,40.0,0,1,1,2,5,2.5758672,2,0,2016-02-02
1831,1832,35.0,0,2,1,2,5,2.5758672,3,0,2016-02-03
1832,1833,33.0,0,3,1,2,5,2.5758672,1,0,2016-02-04
1833,1834,27.0,0,4,1,2,5,2.5758672,3,0,2016-02-05
1834,1835,33.0,1,5,1,2,5,2.5758672,3,0,2016-02-06
1835,1836,33.0,1,6,1,2,5,2.5758672,2,1,2016-02-07
1836,1837,31.0,0,0,2,2,6,2.5758672,2,0,2016-02-08
1837,1838,35.0,0,1,2,2,6,2.5758672,3,0,2016-02-09
1838,1839,22.0,0,2,2,2,6,2.5758672,1,1,2016-02-10
1839,1840,37.0,0,3,2,2,6,2.5758672,2,0,2016-02-11
1840,1841,39.0,0,4,2,2,6,2.5758672,2,0,2016-02-12
1841,1842,37.0,1,5,2,2,6,2.5772042,1,0,2016-02-13
1842,1843,34.0,1,6,2,2,6,2.5772042,1,1,2016-02-14
1843,1844,20.0,0,0,3,2,7,2.5772042,2,1,2016-02-15
1844,1845,12.0,0,1,3,2,7,2.5772042,0,0,2016-02-16
1845,1846,45.0,0,2,3,2,7,2.5772042,0,1,2016-02-17
1846,1847,21.0,0,3,3,2,7,2.5772042,0,0,2016-02-18
1847,1848,38.0,0,4,3,2,7,2.5772042,0,0,2016-02-19
1848,1849,27.0,1,5,3,2,7,2.5772042,0,0,2016-02-20
1849,1850,26.0,1,6,3,2,7,2.5772042,0,0,2016-02-21
1850,1851,12.0,0,0,4,2,8,2.5772042,0,0,2016-02-22
1851,1852,39.0,0,1,4,2,8,2.5772042,0,0,2016-02-23
1852,1853,26.0,0,2,4,2,8,2.5772042,0,0,2016-02-24
1853,1854,22.0,0,3,4,2,8,2.5772042,0,0,2016-02-25
1854,1855,36.0,0,4,4,2,8,2.5772042,0,0,2016-02-26
1855,1856,32.0,1,5,4,2,8,2.5772042,0,0,2016-02-27
1856,1857,21.0,1,6,4,2,8,2.5772042,0,0,2016-02-28
1857,1858,21.0,0,0,5,2,9,2.5772042,0,0,2016-02-29
1858,1859,16.0,0,1,1,3,9,2.5772042,2,0,2016-03-01
1859,1860,13.0,0,2,1,3,9,2.5772042,2,0,2016-03-02
1860,1861,34.0,0,3,1,3,9,2.5772042,3,0,2016-03-03
1861,1862,18.0,0,4,1,3,9,2.5772042,1,0,2016-03-04
1862,1863,24.0,1,5,1,3,9,2.5772042,3,0,2016-03-05
1863,1864,63.0,1,6,1,3,9,2.5772042,3,0,2016-03-06
1864,1865,23.0,0,0,1,3,10,2.5772042,2,0,2016-03-07
1865,1866,14.0,0,1,2,3,10,2.5772042,2,0,2016-03-08
1866,1867,32.0,0,2,2,3,10,2.5772042,3,0,2016-03-09
1867,1868,25.0,0,3,2,3,10,2.5772042,1,0,2016-03-10
1868,1869,27.0,0,4,2,3,10,2.5772042,2,0,2016-03-11
1869,1870,44.0,1,5,2,3,10,2.5772042,2,0,2016-03-12
1870,1871,24.0,1,6,2,3,10,2.5772042,1,0,2016-03-13
1871,1872,36.0,0,0,2,3,11,2.5772042,1,0,2016-03-14
1872,1873,41.0,0,1,3,3,11,2.5772042,2,0,2016-03-15
1873,1874,42.0,0,2,3,3,11,2.5772042,0,0,2016-03-16
1874,1875,20.0,0,3,3,3,11,2.5772042,0,1,2016-03-17
1875,1876,27.0,0,4,3,3,11,2.5772042,0,0,2016-03-18
1876,1877,45.0,1,5,3,3,11,2.5772042,0,0,2016-03-19
1877,1878,30.0,1,6,3,3,11,2.5772042,0,0,2016-03-20
1878,1879,20.0,0,0,3,3,12,2.5772042,0,0,2016-03-21
1879,1880,19.0,0,1,4,3,12,2.5772042,0,0,2016-03-22
1880,1881,32.0,0,2,4,3,12,2.5772042,0,0,2016-03-23
1881,1882,29.0,0,3,4,3,12,2.5772042,0,1,2016-03-24
1882,1883,35.0,0,4,4,3,12,2.5772042,0,0,2016-03-25
1883,1884,42.0,1,5,4,3,12,2.5772042,0,0,2016-03-26
1884,1885,13.0,1,6,4,3,12,2.5772042,0,1,2016-03-27
1885,1886,32.0,0,0,4,3,13,2.5772042,0,0,2016-03-28
1886,1887,35.0,0,1,5,3,13,2.5772042,0,0,2016-03-29
1887,1888,28.0,0,2,5,3,13,2.5772042,0,0,2016-03-30
1888,1889,22.0,0,3,5,3,13,2.5772042,0,0,2016-03-31
1889,1890,39.0,0,4,1,4,13,2.5772042,2,0,2016-04-01
1890,1891,31.0,1,5,1,4,13,2.5772042,2,0,2016-04-02
1891,1892,38.0,1,6,1,4,13,2.5772042,3,0,2016-04-03
1892,1893,35.0,0,0,1,4,14,2.5772042,1,0,2016-04-04
1893,1894,23.0,0,1,1,4,14,2.5772042,3,0,2016-04-05
1894,1895,26.0,0,2,1,4,14,2.5772042,3,0,2016-04-06
1895,1896,38.0,0,3,1,4,14,2.5772042,2,0,2016-04-07
1896,1897,45.0,0,4,2,4,14,2.5772042,2,0,2016-04-08
1897,1898,32.0,1,5,2,4,14,2.5772042,3,0,2016-04-09
1898,1899,51.0,1,6,2,4,14,2.5772042,1,0,2016-04-10
1899,1900,29.0,0,0,2,4,15,2.5772042,2,0,2016-04-11
1900,1901,15.0,0,1,2,4,15,2.5772042,2,0,2016-04-12
1901,1902,45.0,0,2,2,4,15,2.5772042,1,0,2016-04-13
1902,1903,32.0,0,3,2,4,15,2.5772042,1,0,2016-04-14
1903,1904,22.0,0,4,3,4,15,2.5772042,2,0,2016-04-15
1904,1905,36.0,1,5,3,4,15,2.5740483,0,0,2016-04-16
1905,1906,23.0,1,6,3,4,15,2.5740483,0,0,2016-04-17
1906,1907,45.0,0,0,3,4,16,2.5740483,0,0,2016-04-18
1907,1908,33.0,0,1,3,4,16,2.5740483,0,0,2016-04-19
1908,1909,26.0,0,2,3,4,16,2.5740483,0,0,2016-04-20
1909,1910,25.0,0,3,3,4,16,2.5740483,0,0,2016-04-21
1910,1911,37.0,0,4,4,4,16,2.5740483,0,0,2016-04-22
1911,1912,25.0,1,5,4,4,16,2.5740483,0,0,2016-04-23
1912,1913,38.0,1,6,4,4,16,2.5740483,0,0,2016-04-24
1913,1914,28.0,0,0,4,4,17,2.5740483,0,0,2016-04-25
1914,1915,27.0,0,1,4,4,17,2.5740483,0,0,2016-04-26
1915,1916,38.0,0,2,4,4,17,2.5740483,0,0,2016-04-27
1916,1917,25.0,0,3,4,4,17,2.5740483,0,0,2016-04-28
1917,1918,22.0,0,4,5,4,17,2.5740483,0,0,2016-04-29
1918,1919,55.0,1,5,5,4,17,2.5772042,0,1,2016-04-30
1919,1920,31.0,1,6,1,5,17,2.5772042,2,1,2016-05-01
1920,1921,30.0,0,0,1,5,18,2.5772042,2,0,2016-05-02
1921,1922,23.0,0,1,1,5,18,2.5772042,3,0,2016-05-03
1922,1923,35.0,0,2,1,5,18,2.5772042,1,0,2016-05-04
1923,1924,83.0,0,3,1,5,18,2.5772042,3,1,2016-05-05
1924,1925,38.0,0,4,1,5,18,2.5772042,3,0,2016-05-06
1925,1926,26.0,1,5,1,5,18,2.5772042,2,0,2016-05-07
1926,1927,25.0,1,6,2,5,18,2.5772042,2,1,2016-05-08
1927,1928,15.0,0,0,2,5,19,2.5772042,3,0,2016-05-09
1928,1929,23.0,0,1,2,5,19,2.5772042,1,0,2016-05-10
1929,1930,31.0,0,2,2,5,19,2.5772042,2,0,2016-05-11
1930,1931,51.0,0,3,2,5,19,2.5772042,2,0,2016-05-12
1931,1932,51.0,0,4,2,5,19,2.5772042,1,0,2016-05-13
1932,1933,51.0,1,5,2,5,19,2.5778103,1,0,2016-05-14
1933,1934,45.0,1,6,3,5,19,2.5778103,2,0,2016-05-15
1934,1935,49.0,0,0,3,5,20,2.5778103,0,0,2016-05-16
1935,1936,35.0,0,1,3,5,20,2.5778103,0,0,2016-05-17
1936,1937,35.0,0,2,3,5,20,2.5778103,0,0,2016-05-18
1937,1938,35.0,0,3,3,5,20,2.5778103,0,0,2016-05-19
1938,1939,35.0,0,4,3,5,20,2.5778103,0,0,2016-05-20
1939,1940,28.0,1,5,3,5,20,2.5778103,0,0,2016-05-21
1940,1941,36.0,1,6,4,5,20,2.5778103,0,0,2016-05-22
1941,1942,0.0,0,0,4,5,21,2.5778103,0,0,2016-05-23
1942,1943,0.0,0,1,4,5,21,2.5778103,0,0,2016-05-24
1943,1944,0.0,0,2,4,5,21,2.5778103,0,0,2016-05-25
1944,1945,0.0,0,3,4,5,21,2.5778103,0,0,2016-05-26
1945,1946,0.0,0,4,4,5,21,2.5778103,0,0,2016-05-27
1946,1947,0.0,1,5,4,5,21,2.5778103,0,0,2016-05-28
1947,1948,0.0,1,6,5,5,21,2.5778103,0,0,2016-05-29
1948,1949,0.0,0,0,5,5,22,2.5778103,0,1,2016-05-30
1949,1950,0.0,0,1,5,5,22,2.5778103,0,0,2016-05-31
1950,1951,0.0,0,2,1,6,22,2.5778103,2,0,2016-06-01
1951,1952,0.0,0,3,1,6,22,2.5778103,2,1,2016-06-02
1952,1953,0.0,0,4,1,6,22,2.5778103,3,0,2016-06-03
1953,1954,0.0,1,5,1,6,22,2.5778103,1,0,2016-06-04
1954,1955,0.0,1,6,1,6,22,2.5778103,3,0,2016-06-05
1955,1956,0.0,0,0,1,6,23,2.5778103,3,0,2016-06-06
1956,1957,0.0,0,1,1,6,23,2.5778103,2,1,2016-06-07
1957,1958,0.0,0,2,2,6,23,2.5778103,2,0,2016-06-08
1958,1959,0.0,0,3,2,6,23,2.5778103,3,0,2016-06-09
1959,1960,0.0,0,4,2,6,23,2.5778103,1,0,2016-06-10
1960,1961,0.0,1,5,2,6,23,2.5778103,2,0,2016-06-11
1961,1962,0.0,1,6,2,6,23,2.5778103,2,0,2016-06-12
1962,1963,0.0,0,0,2,6,24,2.5778103,1,0,2016-06-13
1963,1964,0.0,0,1,2,6,24,2.5778103,1,0,2016-06-14
1964,1965,0.0,0,2,3,6,24,2.5778103,2,0,2016-06-15
1965,1966,0.0,0,3,3,6,24,2.5778103,0,0,2016-06-16
1966,1967,0.0,0,4,3,6,24,2.5778103,0,0,2016-06-17
1967,1968,0.0,1,5,3,6,24,2.5778103,0,0,2016-06-18
1968,1969,0.0,1,6,3,6,24,2.5778103,0,2,2016-06-19
